易语言助手 3.4.0520 正式版  更新说明
>> 相对于 V3.3.0101 的记录

[整体&支持库]
1、内置插件已全部适配易语言5.93；
2、优化部分细节问题；
3、增加清理助手历史残留文件列表【 ToDelete.txt 】；
4、移除支持库中的崩溃拦截窗口，该功能独立成单独的程序；
5、调整了智能编译插件的加载顺序；

[基础功能]
1、程序数据右键增加查看当前源码引用支持库；
2、切换链接器菜单增加放到工具条选项；
3、模块管理列表 ecom 支持子目录显示，右键子菜单增加移动分类；
4、基本设置中拦截到崩溃时提示保存源码改成 崩溃时自动备份源码，默认开启；
5、增加独立的崩溃备份提示程序【JYBugReport.exe】,当开启上方配置后才生效。本程序会上报异常日志以及告知崩溃解决方案；
6、在模块引用表右键菜单增加"添加到模块管理器"功能；
7、程序数据右键菜单增加复制项目完整路径、复制当前源码所在路径、打开当前源码所在目录；
8、选择性粘贴增加粘贴Unicode；
9、修复模块引用表右键复制所有引用模块到指定目录失效的问题；
10、修复模块引用表右键删除所有模块引用无效的问题；
11、新建模板程序内增加一个易语言助手插件模板例子；

[彩虹流程线插件v1.02] - 新增
1、增加配置流程线颜色以及实线或虚线，由易友@梦寻简单 开发；

[标准工具条扩展插件v1.1] - 新增
1、将常用功能且藏的比较深的功能扩展到工具条上，点击即可操作；

[支持库命令英化输入v1.7]
1、修复部分命令明明有英文名却无法英化的问题；
2、修复了不能英化其他支持库的问题和写出自定义英化文档的问题；

[自动保存与备份插件v1.6]
1、在状态夹中增加列表显示，同时可以立即执行备份、删除、添加黑名单等功能；
2.、增加配置：启用状态夹备份管理，默认为开启，停用后需要重启易语言生效；

[易语言修复插件v1.3.1]
1、增加修复易语言运行时不能创建临时文件；
2、在状态夹变量表中增加 打开按钮，用于在关联的记事本中查看显示的信息。(测试)；
3、在易语言跳到所指定的运行时错误位置窗口中增加“自动输入”按钮，自动解析剪贴板中的错误信息并填入到编辑框中；
4、增加了解除易语言全局热键 Ctrl + / 的占用；
5、恢复30秒编译限制的功能配置，部分易友开启可能会有问题，请谨慎使用；
6、查看表达式窗口增加打开按钮，用于在关联的记事本中查看显示的信息；
7、长备注滚动条修复插件功能迁入到修复插件里；

[智能编译插件v1.8.2]
1、增加对黑月4.X版的快捷键编译支持；
2、配置文件新增黑月4.X版的菜单名称自定义；
3、新增配置黑月版本选择，需设置后本机安装的黑月版本后，黑月相关的快捷键编译才生效；

[快捷输入插件v1.3.1]
1、添加的内容增加了编辑修改的功能；

[新建增强插件v2.71]
1、修复了菜单易向导无法打开的问题；
2、迁移了自定义模版的数据，之后使用助手统一的模版目录；
4、修复了双击模版时直接打开模版编辑的问题；
5、最近编辑源码列表右键菜单增加置顶和取消置顶的功能；

[组件箱扩展插件v1.41]
1、卷帘菜单组件改用树形框组件，优化部分细节，减少体积；
2、收藏窗口增加选择分类；
3、增加预设组件资源；

[拖放增强插件v1.3.1]
1、增加了在图片或音频资源表中拖放文件自动导入；

[屏蔽提示插件v1.22]
1、过滤拖放文件为模块时不处理；

[搜索增强插件v1.58]
1、修复窗口标题命名为 寻找对话框 时受影响的问题；

[代码框扩展插件v1.5.7]
1、增加选中内容后回车自动添加输出命令；
2、修复了快捷键F12关闭无效的问题；

[搜索增强插件v1.58]
1、修复搜寻大于256个字符会崩溃的问题；

[书签管理增强v1.57]
1、修复了部分用户启用就崩溃的问题；

[定位工具插件v1.35]
1、增加配置用于控制程序与属性面板中扩展的功能；

[命令提示框多屏修正插件v2.63]
1、修正在多屏下属性中选择底色时弹出的窗口位置不准的问题；

[错误解决向导.exe]
1、增加添加DEP保护的操作，使用前请以管理员模式打开；
2、点击不再提示窗口不关闭的问题；

[FneTool.exe] - 支持库配置安装管理器
1、增加link2017版本的支持库下载安装；
2、移除取消按钮，改为查看启用和未启用支持库；
3、增加相关操作提示在状态栏显示；

[Set.exe] - 易语言助手设置程序
1、修复插件信息显示支持版本不正确的问题；
2、插件列表增加全选、反选 的功能；
3、插件中心内增加同步助手sdk的功能，可以在这里拉取助手相关SDK；


易语言助手 3.3.0101 正式版  更新说明
[组件箱扩展]
*1、修复了收藏的组件无故消失的问题。

[配色设计器]
1、修复了保存时，弹出的窗口无法关闭的问题。

[模块查看器 ViewecInfo]
1、修复了置父窗口时无法正常显示的问题。
2、直接双击打开时，检查关联ec模块。
3、修复了置父窗口时，无法记录位置的问题。

[批量导入资源]
1、增加了修改记录配置。感谢【@休止符】建议。

[基础插件]
1、调试菜单增加了：整体搜索，展开所有子程序，收缩所有子程序，情况输出框。可以在调试时快捷进行操作。感谢【@**芥茉人生**】建议。
2、新增：模块 - 添加模块时检查返重复，如果有重复则不加入。配置项目。

[支持库]
1、提示信息增加了，精简化输出 选项，选中后将只显示插件加载数量。

[Set.exe]
1、增加了可调边框，最大化属性。支持记录窗口位置和大小。


[自动保存与备份插件]
1、增加了关闭易语言时自动备份源码的设置。（默认开启）
2、修复了源码使用其他扩展名时，无法备份的问题。

[代码框扩展插件]
1、引号转义增加 @ 符号 标识。感谢【@四叶草】建议。
2、暂时移除：输入命令后执行编译当前行，并置光标到命令第一个参数内。
3、在点击F1后，焦点仍然保持在代码编辑框内。


[错误解决向导]
1、修改了部分语句。
2、增加了版权信息。


易语言助手 3.2.1013 测试版  更新说明 相对于易语言助手 3.2.0801
【更新时请关闭易语言】
【更新时请关闭易语言】
【更新时请关闭易语言】


[程序信息设置v1.03]
1、修复win7查看关联设置异常的BUG

[程序信息清单更新工具v1.2]
1、新增删除默认图标

[基础插件]
1、调试菜单增加了：整体搜索，展开所有子程序，收缩所有子程序，情况输出框。可以在调试时快捷进行操作。感谢【@**芥茉人生**】建议。
2、新增：模块 - 添加模块时检查返重复，如果有重复则不加入。配置项目。

[支持库]
1、提示信息增加了，精简化输出 选项，选中后将只显示插件加载数量。

[Set.exe]
1、增加了可调边框，最大化属性。支持记录窗口位置和大小。


[自动保存与备份插件]
1、增加了关闭易语言时自动备份源码的设置。（默认开启）

[代码框扩展插件]
1、引号转义增加 @ 符号 标识。感谢【@四叶草】建议。
2、暂时移除：输入命令后执行编译当前行，并置光标到命令第一个参数内。
3、在点击F1后，焦点仍然保持在代码编辑框内。


[错误解决向导]
1、修改了部分语句。
2、增加了版权信息。

易语言助手 3.2.0801 测试版  更新说明 相对于易语言助手 3.2.0720 
【更新时请关闭易语言】
【更新时请关闭易语言】
【更新时请关闭易语言】

2020年9月14日：
代码框扩展：
1、修复了Alt+↓，会无限循环的问题。

2020年9月10日：
提示输出扩展
1、优化提示框显示配色方案

2020年9月3日：
易文件关联修复插件v1.12
1、优化易语言文件关联设置

【新增】
易代码行号插件：
1、为易语言的代码编辑框增加了行号。by：梦寻简单

【新增】
程序信息设置：
1、自动设置版权信息、程序清单、程序图标。
2、支持在编译后修改版本号及程序信息，方便快捷。
3、新增取消默认配置

配色选择插件：
1、修复了当没有任何配色文件时，会造成崩溃的问题。

整体搜索替换：
1、修复了支持的易语言版本号错误问题。

程序信息清单设置工具v1.02
1、优化多次编译导致易语言崩溃的问题
2、修复执行文件路径识别错误的问题；

屏蔽提示插件v1.1：
1、修复了配置读取的问题。

模块守护插件：
1、在编译模块时，弹出询问是否需要模块守护的提示。
2、增加不推荐使用的标识。该插件已经不推荐使用。

提示输出扩展v3.99
1、优化备注信息显示。
2、新增双击备注查看详细信息，备注信息较多时方便查看与复制的操作，不会因光标移位导致备注信息改变
3、优化提示框默认显示颜色；
4、修复提示框显示异常的问题

代码框扩展：
1、增加了空格键自动进行预编译，并且将光标移动到第一个参数位置。可以通过：输入命令执行编译当前行
配置打开
2、修复了Alt+↓移动到最后一行时，会有几率崩溃的问题。
3、括号高亮功能默认修改为不高亮，需要手动重新开启配置。

设置程序：
1、修复了在测试程序中按F5刷新导致无法设置F5为快捷键的问题。

基础插件：
1、修复了点击新建模板，导入常用类，无效的问题。感谢@diudiut 反馈
2、将检测更新相关代码都放到up程序调用后回调结果。
3、修复模块管理列表，新建的分类无法重命名的问题。感谢@天生表演家 反馈
4、修复了模块管理列表无法上移/下移的问题。

代码视图插件：
1、修复了在中间插入新子程序时，会显示在树形框最下方的问题。

模块查看器：
增加了“复制选中文本”的功能，感谢@diudiut 反馈

易语言助手 3.2.0720 正式版  更新说明 相对于易语言助手 3.2.0701 
【更新时请关闭易语言】
【更新时请关闭易语言】
【更新时请关闭易语言】

eTools.fne：
1、修复了可能出现的崩溃问题。
2、删除了一些无用的代码。
3、修复了检查更新时，可能会崩溃的问题。

基础插件：
1、优化了当添加的模块已存在时，显示分类的提示。
2、增加了配色自动同步的功能。


智能编译插件v1.81(IntelligentCompile.dll )：
1、修复了当没有任何清单文件时，无法添加UAC的问题。


支持库信息查看器v1.4.7：
1、修复了复制命令时，前面会多一个.的问题。
2、修复了复制没有参数的命令时，会少一个（的问题。
3、修复了部分支持库中，返回值与参数数据类型显示错误的问题。

代码框扩展插件：v1.4.6：
1、修复了使用Ctrl+D时，代码会复制到下边子程序的问题。

新建增强插件v2.68:1：
1、修复打开自定义模板异常的问题；

模块信息查看器v3.6.8：
1、修复了备注中存在HTML代码时，查看会解析的问题。



易语言助手 3.2.0520 测试版 更新说明 相对于易语言助手 3.2.0428 测试版
【请关闭易语言进行更新】
【请关闭易语言进行更新】
【请关闭易语言进行更新】

新增：
批量插入资源插件。
用于批量插入图片资源、批量插入声音资源。

基础插件：
1、增加了批量插入图片，在图片资源界面和左侧树形框图片资源处，右键点击可选择批量插入。
2、增加了插入图片和插入声音资源的接口。接口_插入图片资源 接口_插入声音资源
3、针对部分电脑安装助手后打开易语言弹出初始化失败的提示添加修复方案。
4、修复 选择项粘贴 粘贴为字节集 失效的bug。
5、修复 模块列表显示时，当ecom目录中有大量模块时，加载速度过慢的问题。感谢【@Svlik】反馈。
6、修复 模块列表中，可能出现的"空"的项目。
7、修复新建 - 模板程序 打开目录时模板文件夹不存在无法打开的bug。
8、修复新建 - 模板程序 判断返回逻辑问题。
9、修复新建 - 模板程序，从已建立的源码模板中打开时会丢失原模板内的模块引用bug，感谢【@小猛科技】反馈！
10、cmd文件夹中增加【处理易程序.exe】程序 ，用于去除带有_EL_HideOwner的隐藏窗口，解决DLL重置目录问题，由论坛易友【@梦优勿扰】提供；可通过智能编译插件中设置编译后调用！

模块查看器[ViewEcInfo]
1、新增分隔条，用于调整左侧树形框宽度，感谢【@阿牛】建议。
2、修复部分查看部分模块时模块描述与备注显示位置错误的问题，感谢【@砹小翼】反馈。
3、修复插入到易语言功能失效的问题。

Set.exe：
1、修复代码视图配置打开文件夹失效的问题。
2、修复了无法打开.etools文件的问题。

模块守护插件：
1、增加编译模块弹出保护提示的配置，用于选择是否使用模块守护保护模块。

代码视图插件：
1、修复在快速关闭程序集时崩溃的问题，感谢 @hxznhf 反馈。

支持库安装扩展管理程序:
1、修复从易语言菜单打开时，位置不正确的bug。
2、缺少支持库时定位错误
3、优化了提示信息

定位工具插件：
1、修复分组模式显示时有可能分类错误的问题。

新增增强插件：
1、修复自定义模板内打开模板时未检测当前源码是否保存的提示；感谢【@a 退wing】反馈。

命令提示框：
1、支持命令弹出窗口更改文字颜色与背景颜色。

自动保存备份插件：
1、修复在5.92中备份失效的bug，感谢【@大雕哥】反馈。

关联函数自动添加插件：
1、支持多种类型的添加修改。
2、支持单个命令多个参数的添加。
3、支持“类方法”的添加。可以根据不同类，精确添加处理函数。

更新模块引用：
1、修改了提示的显示方式。

修复插件：
1、修复了启用后无法弹出缺少支持库信息框的问题。
2、修复了无法正确粘贴全局变量的问题。

颜色选择扩展
1、支持手动调整16进制的颜色值并同步更新10进制与RGB颜色显示，回车生效，感谢【@六师兄】建议；


更新系统：
采用了全新的更新系统。

2020年7月27日
新建增强插件v2.68
1、修复打开自定义模板异常的问题；

2020年7月23日
支持库查看器[ViewFneInfo]v1.4.9
修复了部分支持库中，事件的参数类型错误的问题。




易语言助手 3.2.0416 正式版 更新说明   相对于3.2.0407正式版

1、修复新建插件引起易语言关闭时报错的bug，感谢【@小米】反馈；
2、优化了结构的稳定性。
3、修复便签插件打开目录提示无效的bug，感谢论坛易友【@第叁世界】反馈；
4、导入常用类增加添加菜单，方便大家快速选择源码文件导入进来；
5、修复导入常用类菜单中打开常用类目录的问题；
6、修复模块管理列表ecom栏目不同步的问题 [4.14]
7、修复在易语言非最大化情况下，支持库命令查找窗口显示问题 [4.14]


快速定位插件：
1、新增配置显示模式，在定位窗口上右键即可更改；
	常规模式：按组件顺序前后显示
	分组模式：按组件类型分组显示，感谢论坛易友【@Qc鬼帝】建议；

书签管理增强：
1、修复在使用状态夹显示时，呼出窗口易语言会假死的问题。
2、修复在关闭时，导致易语言崩溃的问题。

提示输出扩展：
3.95  修复提示框  优化备注信息显示
